\BOOKMARK [1][-]{table.caption.2}{\376\377\016\032\016\027\016\004\016\061\016\024\016\042\016\110\016\055\016\040\016\062\016\051\016\062\016\104\016\027\016\042}{}% 1
\BOOKMARK [1][-]{table.caption.3}{\376\377\016\032\016\027\016\004\016\061\016\024\016\042\016\110\016\055\016\040\016\062\016\051\016\062\016\055\016\061\016\007\016\001\016\044\016\051}{}% 2
\BOOKMARK [1][-]{chapter*.4}{\376\377\016\001\016\064\016\025\016\025\016\064\016\001\016\043\016\043\016\041\016\033\016\043\016\060\016\001\016\062\016\050}{}% 3
\BOOKMARK [1][-]{section*.7}{\376\377\016\052\016\062\016\043\016\032\016\061\016\015\016\025\016\062\016\043\016\062\016\007}{}% 4
\BOOKMARK [1][-]{section*.9}{\376\377\016\052\016\062\016\043\016\032\016\061\016\015\016\043\016\071\016\033}{}% 5
\BOOKMARK [1][-]{section*.11}{\376\377\016\052\016\061\016\015\016\045\016\061\016\001\016\051\016\023\016\114\016\101\016\045\016\060\016\004\016\063\016\042\016\110\016\055}{}% 6
\BOOKMARK [0][-]{chapter.1}{\376\377\016\032\016\027\016\031\016\063}{}% 7
\BOOKMARK [1][-]{section.1.1}{\376\377\016\027\016\065\016\110\016\041\016\062\016\101\016\045\016\060\016\004\016\047\016\062\016\041\016\052\016\063\016\004\016\061\016\015\016\002\016\055\016\007\016\033\016\061\016\015\016\053\016\062}{chapter.1}% 8
\BOOKMARK [1][-]{section.1.2}{\376\377\016\047\016\061\016\025\016\026\016\070\016\033\016\043\016\060\016\052\016\007\016\004\016\114\016\002\016\055\016\007\016\102\016\004\016\043\016\007\016\007\016\062\016\031}{chapter.1}% 9
\BOOKMARK [1][-]{section.1.3}{\376\377\016\002\016\055\016\032\016\100\016\002\016\025\016\002\016\055\016\007\016\102\016\004\016\043\016\007\016\007\016\062\016\031}{chapter.1}% 10
\BOOKMARK [1][-]{section.1.4}{\376\377\016\033\016\043\016\060\016\102\016\042\016\012\016\031\016\114\016\027\016\065\016\110\016\004\016\062\016\024\016\047\016\110\016\062\016\010\016\060\016\104\016\024\016\111\016\043\016\061\016\032}{chapter.1}% 11
\BOOKMARK [1][-]{section.1.5}{\376\377\016\101\016\034\016\031\016\001\016\062\016\043\016\024\016\063\016\100\016\031\016\064\016\031\016\007\016\062\016\031}{chapter.1}% 12
\BOOKMARK [0][-]{chapter.2}{\376\377\016\027\016\044\016\051\016\016\016\065\016\101\016\045\016\060\016\007\016\062\016\031\016\047\016\064\016\010\016\061\016\042\016\027\016\065\016\110\016\100\016\001\016\065\016\110\016\042\016\047\016\002\016\111\016\055\016\007}{}% 13
\BOOKMARK [1][-]{section.2.1}{\376\377\016\101\016\031\016\047\016\004\016\064\016\024\016\043\016\060\016\032\016\032\016\024\016\071\016\101\016\045\016\034\016\071\016\111\016\052\016\071\016\007\016\055\016\062\016\042\016\070\016\101\016\045\016\060\016\034\016\071\016\111\016\103\016\012\016\111\016\043\016\026\016\100\016\002\016\107\016\031}{chapter.2}% 14
\BOOKMARK [1][-]{section.2.2}{\376\377\016\100\016\027\016\004\016\102\016\031\016\102\016\045\016\042\016\065\000\040\000I\000o\000T\000\040\016\101\016\045\016\060\000\040\000S\000e\000n\000s\000o\000r\000\040\016\052\016\063\016\053\016\043\016\061\016\032\016\043\016\060\016\032\016\032\016\024\016\071\016\101\016\045}{chapter.2}% 15
\BOOKMARK [1][-]{section.2.3}{\376\377\016\055\016\070\016\033\016\001\016\043\016\023\016\114\016\056\016\062\016\043\016\114\016\024\016\101\016\047\016\043\016\114\016\053\016\045\016\061\016\001\016\027\016\065\016\110\016\100\016\001\016\065\016\110\016\042\016\047\016\002\016\111\016\055\016\007}{chapter.2}% 16
\BOOKMARK [1][-]{section.2.4}{\376\377\016\001\016\062\016\043\016\043\016\060\016\032\016\070\016\025\016\063\016\101\016\053\016\031\016\110\016\007\016\040\016\062\016\042\016\103\016\031\016\055\016\062\016\004\016\062\016\043\016\024\016\111\016\047\016\042\000\040\000B\000L\000E\000\040\000R\000S\000S\000I}{chapter.2}% 17
\BOOKMARK [1][-]{section.2.5}{\376\377\016\001\016\062\016\043\016\033\016\043\016\060\016\041\016\047\016\045\016\034\016\045\016\002\016\111\016\055\016\041\016\071\016\045\000\040\000I\000M\000U\000\040\016\101\016\045\016\060\016\001\016\062\016\043\016\100\016\004\016\045\016\067\016\110\016\055\016\031\016\104\016\053\016\047}{chapter.2}% 18
\BOOKMARK [1][-]{section.2.6}{\376\377\000M\000a\000c\000h\000i\000n\000e\000\040\000L\000e\000a\000r\000n\000i\000n\000g\000\040\016\052\016\063\016\053\016\043\016\061\016\032\016\010\016\063\016\101\016\031\016\001\016\036\016\044\016\025\016\064\016\001\016\043\016\043\016\041\016\053\016\043\016\067\016\055\016\004\016\047\016\062\016\041\016\100\016\052\016\065\016\110\016\042\016\007}{chapter.2}% 19
\BOOKMARK [1][-]{section.2.7}{\376\377\000R\000e\000t\000r\000i\000e\000v\000a\000l\000-\000A\000u\000g\000m\000e\000n\000t\000e\000d\000\040\000G\000e\000n\000e\000r\000a\000t\000i\000o\000n\000\040\016\101\016\045\016\060\000\040\000R\000e\000t\000r\000i\000e\000v\000a\000l\000\040\000L\000o\000g\000i\000c}{chapter.2}% 20
\BOOKMARK [1][-]{section.2.8}{\376\377\000N\000e\000u\000r\000o\000-\000s\000y\000m\000b\000o\000l\000i\000c\000\040\000A\000I\000\040\016\101\016\045\016\060\000\040\000A\000I\000\040\000P\000i\000p\000e\000l\000i\000n\000e\000\040\016\101\016\032\016\032\000\040\000R\000u\000l\000e\000\040\000+\000\040\000M\000o\000d\000e\000l}{chapter.2}% 21
\BOOKMARK [1][-]{section.2.9}{\376\377\016\007\016\062\016\031\016\047\016\064\016\010\016\061\016\042\016\027\016\065\016\110\016\100\016\001\016\065\016\110\016\042\016\047\016\002\016\111\016\055\016\007}{chapter.2}% 22
\BOOKMARK [1][-]{section.2.10}{\376\377\016\012\016\110\016\055\016\007\016\047\016\110\016\062\016\007\016\002\016\055\016\007\016\007\016\062\016\031\016\047\016\064\016\010\016\061\016\042\016\100\016\024\016\064\016\041}{chapter.2}% 23
\BOOKMARK [0][-]{chapter.3}{\376\377\016\047\016\064\016\030\016\065\016\001\016\062\016\043\016\055\016\055\016\001\016\101\016\032\016\032\016\101\016\045\016\060\016\036\016\061\016\022\016\031\016\062\016\043\016\060\016\032\016\032}{}% 24
\BOOKMARK [1][-]{section.3.1}{\376\377\016\040\016\062\016\036\016\043\016\047\016\041\016\002\016\055\016\007\016\043\016\060\016\032\016\032}{chapter.3}% 25
\BOOKMARK [1][-]{section.3.2}{\376\377\016\001\016\062\016\043\016\100\016\012\016\067\016\110\016\055\016\041\016\025\016\110\016\055\016\055\016\070\016\033\016\001\016\043\016\023\016\114\016\040\016\062\016\004\016\052\016\031\016\062\016\041\016\101\016\045\016\060\000\040\000M\000o\000b\000i\000l\000e\000\040\000G\000a\000t\000e\000w\000a\000y}{chapter.3}% 26
\BOOKMARK [1][-]{section.3.3}{\376\377\000M\0005\000S\000t\000i\000c\000k\000C\000\040\000P\000l\000u\000s\0002\000\040\000B\000L\000E\000\040\000W\000h\000e\000e\000l\000c\000h\000a\000i\000r\000\040\000S\000e\000n\000s\000o\000r}{chapter.3}% 27
\BOOKMARK [1][-]{section.3.4}{\376\377\000P\000o\000l\000a\000r\000\040\000V\000e\000r\000i\000t\000y\000\040\000S\000e\000n\000s\000e\000\040\016\101\016\045\016\060\000\040\000F\000l\000u\000t\000t\000e\000r\000\040\000M\000o\000b\000i\000l\000e\000\040\000G\000a\000t\000e\000w\000a\000y}{chapter.3}% 28
\BOOKMARK [1][-]{section.3.5}{\376\377\000I\000n\000d\000o\000o\000r\000\040\000L\000o\000c\000a\000l\000i\000z\000a\000t\000i\000o\000n}{chapter.3}% 29
\BOOKMARK [1][-]{section.3.6}{\376\377\000S\000e\000r\000v\000e\000r\000,\000\040\000A\000P\000I\000\040\016\101\016\045\016\060\000\040\000D\000a\000t\000a\000b\000a\000s\000e}{chapter.3}% 30
\BOOKMARK [1][-]{section.3.7}{\376\377\000D\000a\000s\000h\000b\000o\000a\000r\000d\000\040\016\101\016\045\016\060\000\040\000H\000M\000I\000\040\016\025\016\062\016\041\016\032\016\027\016\032\016\062\016\027\016\034\016\071\016\111\016\103\016\012\016\111}{chapter.3}% 31
\BOOKMARK [1][-]{section.3.8}{\376\377\016\043\016\060\016\032\016\032\000\040\000A\000I\000\040\016\101\016\045\016\060\000\040\000M\000C\000P\000\040\000T\000o\000o\000l\000\040\000P\000i\000p\000e\000l\000i\000n\000e}{chapter.3}% 32
\BOOKMARK [1][-]{section.3.9}{\376\377\016\101\016\031\016\047\016\027\016\062\016\007\016\001\016\062\016\043\016\033\016\043\016\060\016\100\016\041\016\064\016\031\016\034\016\045\016\043\016\060\016\032\016\032}{chapter.3}% 33
\BOOKMARK [0][-]{chapter.4}{\376\377\016\034\016\045\016\001\016\062\016\043\016\027\016\024\016\045\016\055\016\007\016\101\016\045\016\060\016\001\016\062\016\043\016\033\016\043\016\060\016\100\016\041\016\064\016\031\016\034\016\045}{}% 34
\BOOKMARK [1][-]{section.4.1}{\376\377\016\040\016\062\016\036\016\043\016\047\016\041\016\001\016\062\016\043\016\027\016\024\016\045\016\055\016\007}{chapter.4}% 35
\BOOKMARK [1][-]{section.4.2}{\376\377\016\001\016\062\016\043\016\027\016\024\016\052\016\055\016\032\000\040\000S\000e\000n\000s\000o\000r\000\040\016\101\016\045\016\060\016\055\016\070\016\033\016\001\016\043\016\023\016\114\016\040\016\062\016\004\016\052\016\031\016\062\016\041}{chapter.4}% 36
\BOOKMARK [1][-]{section.4.3}{\376\377\016\001\016\062\016\043\016\027\016\024\016\052\016\055\016\032\000\040\000I\000n\000d\000o\000o\000r\000\040\000L\000o\000c\000a\000l\000i\000z\000a\000t\000i\000o\000n\000\040\016\024\016\111\016\047\016\042\000\040\000K\000N\000N}{chapter.4}% 37
\BOOKMARK [1][-]{section.4.4}{\376\377\016\001\016\062\016\043\016\027\016\024\016\052\016\055\016\032\000\040\000M\000o\000b\000i\000l\000e\000\040\000G\000a\000t\000e\000w\000a\000y\000\040\016\101\016\045\016\060\000\040\000S\000e\000r\000v\000e\000r}{chapter.4}% 38
\BOOKMARK [1][-]{section.4.5}{\376\377\016\001\016\062\016\043\016\033\016\043\016\060\016\100\016\041\016\064\016\031\000\040\000D\000a\000s\000h\000b\000o\000a\000r\000d\000/\000H\000M\000I\000\040\016\101\016\045\016\060\000\040\000S\000U\000S\000\040\000S\000c\000o\000r\000e}{chapter.4}% 39
\BOOKMARK [1][-]{section.4.6}{\376\377\016\001\016\062\016\043\016\027\016\024\016\052\016\055\016\032\000\040\000A\000I\000:\000\040\000I\000n\000t\000e\000r\000-\000R\000a\000t\000e\000r\000\040\000R\000e\000l\000i\000a\000b\000i\000l\000i\000t\000y}{chapter.4}% 40
\BOOKMARK [1][-]{section.4.7}{\376\377\016\001\016\062\016\043\016\027\016\024\016\052\016\055\016\032\000\040\000A\000I\000:\000\040\000T\000e\000x\000t\000-\000D\000i\000s\000t\000a\000n\000c\000e\000\040\000/\000\040\000C\000o\000s\000i\000n\000e\000\040\000S\000i\000m\000i\000l\000a\000r\000i\000t\000y}{chapter.4}% 41
\BOOKMARK [1][-]{section.4.8}{\376\377\016\001\016\062\016\043\016\027\016\024\016\052\016\055\016\032\000\040\000A\000I\000:\000\040\000L\000a\000t\000e\000n\000c\000y\000\040\000A\000n\000a\000l\000y\000s\000i\000s}{chapter.4}% 42
\BOOKMARK [1][-]{section.4.9}{\376\377\016\052\016\043\016\070\016\033\016\034\016\045\016\001\016\062\016\043\016\027\016\024\016\045\016\055\016\007}{chapter.4}% 43
\BOOKMARK [0][-]{chapter.5}{\376\377\016\052\016\043\016\070\016\033\016\034\016\045\000\040\016\002\016\111\016\055\016\010\016\063\016\001\016\061\016\024\000\040\016\101\016\045\016\060\016\002\016\111\016\055\016\100\016\052\016\031\016\055\016\101\016\031\016\060}{}% 44
\BOOKMARK [1][-]{section.5.1}{\376\377\016\052\016\043\016\070\016\033\016\040\016\062\016\036\016\043\016\047\016\041\016\002\016\055\016\007\016\043\016\060\016\032\016\032}{chapter.5}% 45
\BOOKMARK [1][-]{section.5.2}{\376\377\016\002\016\111\016\055\016\010\016\063\016\001\016\061\016\024\016\002\016\055\016\007\016\043\016\060\016\032\016\032}{chapter.5}% 46
\BOOKMARK [1][-]{section.5.3}{\376\377\016\002\016\111\016\055\016\100\016\052\016\031\016\055\016\101\016\031\016\060\016\103\016\031\016\001\016\062\016\043\016\036\016\061\016\022\016\031\016\062\016\025\016\110\016\055}{chapter.5}% 47
\BOOKMARK [0][-]{section*.79}{\376\377\016\043\016\062\016\042\016\001\016\062\016\043\016\055\016\111\016\062\016\007\016\055\016\064\016\007}{}% 48
\BOOKMARK [0][-]{section*.81}{\376\377\016\040\016\062\016\004\016\034\016\031\016\047\016\001}{}% 49
\BOOKMARK [1][-]{appendix.A}{\376\377\016\043\016\062\016\042\016\045\016\060\016\100\016\055\016\065\016\042\016\024\016\032\016\043\016\064\016\032\016\027\016\102\016\004\016\043\016\007\016\007\016\062\016\031}{section*.81}% 50
\BOOKMARK [1][-]{section.A.1}{\376\377\016\033\016\061\016\015\016\053\016\062\016\027\016\062\016\007\016\047\016\064\016\050\016\047\016\001\016\043\016\043\016\041\016\027\016\065\016\110\016\013\016\061\016\032\016\013\016\111\016\055\016\031}{section*.81}% 51
\BOOKMARK [1][-]{section.A.2}{\376\377\016\055\016\007\016\004\016\114\016\004\016\047\016\062\016\041\016\043\016\071\016\111\016\101\016\045\016\060\016\100\016\004\016\043\016\067\016\110\016\055\016\007\016\041\016\067\016\055\016\055\016\070\016\033\016\001\016\043\016\023\016\114\016\027\016\065\016\110\016\103\016\012\016\111}{section*.81}% 52
\BOOKMARK [1][-]{section.A.3}{\376\377\016\041\016\062\016\025\016\043\016\020\016\062\016\031\000\040\016\001\016\016\016\053\016\041\016\062\016\042\000\040\016\101\016\045\016\060\016\002\016\111\016\055\016\032\016\061\016\007\016\004\016\061\016\032\016\027\016\065\016\110\016\100\016\001\016\065\016\110\016\042\016\047\016\002\016\111\016\055\016\007}{section*.81}% 53
\BOOKMARK [1][-]{section.A.4}{\376\377\016\034\016\071\016\111\016\041\016\065\016\052\016\110\016\047\016\031\016\104\016\024\016\111\016\052\016\110\016\047\016\031\016\100\016\052\016\065\016\042\000\040\016\034\016\045\016\001\016\043\016\060\016\027\016\032\000\040\016\101\016\045\016\060\016\004\016\047\016\062\016\041\016\042\016\061\016\110\016\007\016\042\016\067\016\031}{section*.81}% 54
\BOOKMARK [1][-]{section.A.5}{\376\377\016\001\016\062\016\043\016\032\016\043\016\064\016\053\016\062\016\043\016\007\016\062\016\031\016\047\016\064\016\050\016\047\016\001\016\043\016\043\016\041\016\101\016\045\016\060\016\102\016\004\016\043\016\007\016\001\016\062\016\043}{section*.81}% 55
\BOOKMARK [1][-]{appendix.B}{\376\377\016\025\016\062\016\043\016\062\016\007\016\002\016\111\016\055\016\041\016\071\016\045\016\001\016\062\016\043\016\027\016\024\016\045\016\055\016\007\000\040\000S\000e\000n\000s\000o\000r}{section*.81}% 56
\BOOKMARK [1][-]{appendix.C}{\376\377\000R\000a\000w\000\040\000d\000a\000t\000a\000\040\016\101\016\045\016\060\000\040\000S\000u\000m\000m\000a\000r\000y\000\040\016\002\016\055\016\007\000\040\000K\000N\000N}{section*.81}% 57
\BOOKMARK [1][-]{appendix.D}{\376\377\016\025\016\061\016\047\016\055\016\042\016\110\016\062\016\007\016\012\016\070\016\024\016\004\016\063\016\052\016\061\016\110\016\007\000\040\000A\000I\000\040\000T\000e\000s\000t}{section*.81}% 58
\BOOKMARK [1][-]{appendix.E}{\376\377\016\025\016\061\016\047\016\055\016\042\016\110\016\062\016\007\000\040\000S\000c\000h\000e\000m\000a\000,\000\040\000A\000P\000I\000\040\016\101\016\045\016\060\000\040\000M\000Q\000T\000T\000\040\000P\000a\000y\000l\000o\000a\000d}{section*.81}% 59
\BOOKMARK [1][-]{appendix.F}{\376\377\016\040\016\062\016\036\016\053\016\031\016\111\016\062\016\010\016\055\000\040\000D\000a\000s\000h\000b\000o\000a\000r\000d\000\040\016\101\016\045\016\060\000\040\000M\000o\000b\000i\000l\000e\000\040\000G\000a\000t\000e\000w\000a\000y}{section*.81}% 60
\BOOKMARK [1][-]{appendix.G}{\376\377\000F\000l\000o\000w\000\040\000D\000i\000a\000g\000r\000a\000m\000\040\016\101\016\045\016\060\000\040\000F\000i\000r\000m\000w\000a\000r\000e\000\040\000L\000o\000o\000p\000\040\016\100\016\036\016\064\016\110\016\041\016\100\016\025\016\064\016\041}{section*.81}% 61
\BOOKMARK [1][-]{appendix.H}{\376\377\016\101\016\032\016\032\016\052\016\055\016\032\016\026\016\062\016\041\016\033\016\043\016\060\016\100\016\041\016\064\016\031\016\004\016\047\016\062\016\041\016\036\016\066\016\007\016\036\016\055\016\103\016\010\000\040\000G\000o\000o\000g\000l\000e\000\040\000F\000o\000r\000m}{section*.81}% 62
\BOOKMARK [1][-]{appendix.I}{\376\377\016\040\016\062\016\036\016\033\016\043\016\060\016\001\016\055\016\032\016\001\016\062\016\043\016\052\016\063\016\043\016\047\016\010\016\036\016\067\016\111\016\031\016\027\016\065\016\110\016\101\016\045\016\060\016\001\016\062\016\043\016\025\016\064\016\024\016\025\016\061\016\111\016\007\016\025\016\111\016\031\016\101\016\032\016\032}{section*.81}% 63
\BOOKMARK [1][-]{appendix.J}{\376\377\016\100\016\055\016\001\016\052\016\062\016\043\000\040\000P\000a\000p\000e\000r\000I\000E\000E\000E\000\040\016\033\016\043\016\060\016\001\016\055\016\032\016\001\016\062\016\043\016\027\016\024\016\045\016\055\016\007\000\040\000R\000S\000S\000I}{section*.81}% 64
